This file contains any messages produced by compilers while
running configure, to aid debugging if configure makes a mistake.

It was created by bcm2835 configure 1.68, which was
generated by GNU Autoconf 2.71.  Invocation command line was

  $ ./configure --no-create --no-recursion

## --------- ##
## Platform. ##
## --------- ##

hostname = raspberrypi
uname -m = aarch64
uname -r = 6.6.51-v8-16k+
uname -s = Linux
uname -v = #1798 SMP PREEMPT Tue Sep 24 12:30:20 BST 2024

/usr/bin/uname -p = unknown
/bin/uname -X     = unknown

/bin/arch              = aarch64
/usr/bin/arch -k       = unknown
/usr/convex/getsysinfo = unknown
/usr/bin/hostinfo      = unknown
/bin/machine           = unknown
/usr/bin/oslevel       = unknown
/bin/universe          = unknown

PATH: /usr/local/sbin/
PATH: /usr/local/bin/
PATH: /usr/sbin/
PATH: /usr/bin/
PATH: /sbin/
PATH: /bin/


## ----------- ##
## Core tests. ##
## ----------- ##

configure:2148: looking for aux files: compile missing install-sh
configure:2161:  trying ./
configure:2190:   ./compile found
configure:2190:   ./missing found
configure:2172:   ./install-sh found
configure:2322: checking for a BSD-compatible install
configure:2395: result: /usr/bin/install -c
configure:2406: checking whether build environment is sane
configure:2461: result: yes
configure:2620: checking for a race-free mkdir -p
configure:2664: result: /usr/bin/mkdir -p
configure:2671: checking for gawk
configure:2706: result: no
configure:2671: checking for mawk
configure:2692: found /usr/bin/mawk
configure:2703: result: mawk
configure:2714: checking whether make sets $(MAKE)
configure:2737: result: yes
configure:2767: checking whether make supports nested variables
configure:2785: result: yes
configure:2934: checking whether make supports the include directive
configure:2949: make -f confmf.GNU && cat confinc.out
make[1]: Entering directory '/data/BlueberryMSX-2.0plus/bcm2835-1.68'
make[1]: Leaving directory '/data/BlueberryMSX-2.0plus/bcm2835-1.68'
this is the am__doit target
configure:2952: $? = 0
configure:2971: result: yes (GNU style)
configure:3047: checking for gcc
configure:3068: found /usr/bin/gcc
configure:3079: result: gcc
configure:3432: checking for C compiler version
configure:3441: gcc --version >&5
gcc (Debian 12.2.0-14) 12.2.0
Copyright (C) 2022 Free Software Foundation, Inc.
This is free software; see the source for copying conditions.  There is NO
warranty; not even for MERCHANTABILITY or FITNESS FOR A PARTICULAR PURPOSE.

configure:3452: $? = 0
configure:3441: gcc -v >&5
Using built-in specs.
COLLECT_GCC=gcc
COLLECT_LTO_WRAPPER=/usr/lib/gcc/aarch64-linux-gnu/12/lto-wrapper
Target: aarch64-linux-gnu
Configured with: ../src/configure -v --with-pkgversion='Debian 12.2.0-14' --with-bugurl=file:///usr/share/doc/gcc-12/README.Bugs --enable-languages=c,ada,c++,go,d,fortran,objc,obj-c++,m2 --prefix=/usr --with-gcc-major-version-only --program-suffix=-12 --program-prefix=aarch64-linux-gnu- --enable-shared --enable-linker-build-id --libexecdir=/usr/lib --without-included-gettext --enable-threads=posix --libdir=/usr/lib --enable-nls --enable-clocale=gnu --enable-libstdcxx-debug --enable-libstdcxx-time=yes --with-default-libstdcxx-abi=new --enable-gnu-unique-object --disable-libquadmath --disable-libquadmath-support --enable-plugin --enable-default-pie --with-system-zlib --enable-libphobos-checking=release --with-target-system-zlib=auto --enable-objc-gc=auto --enable-multiarch --enable-fix-cortex-a53-843419 --disable-werror --enable-checking=release --build=aarch64-linux-gnu --host=aarch64-linux-gnu --target=aarch64-linux-gnu
Thread model: posix
Supported LTO compression algorithms: zlib zstd
gcc version 12.2.0 (Debian 12.2.0-14) 
configure:3452: $? = 0
configure:3441: gcc -V >&5
gcc: error: unrecognized command-line option '-V'
gcc: fatal error: no input files
compilation terminated.
configure:3452: $? = 1
configure:3441: gcc -qversion >&5
gcc: error: unrecognized command-line option '-qversion'; did you mean '--version'?
gcc: fatal error: no input files
compilation terminated.
configure:3452: $? = 1
configure:3441: gcc -version >&5
gcc: error: unrecognized command-line option '-version'
gcc: fatal error: no input files
compilation terminated.
configure:3452: $? = 1
configure:3472: checking whether the C compiler works
configure:3494: gcc    conftest.c  >&5
configure:3498: $? = 0
configure:3548: result: yes
configure:3551: checking for C compiler default output file name
configure:3553: result: a.out
configure:3559: checking for suffix of executables
configure:3566: gcc -o conftest    conftest.c  >&5
configure:3570: $? = 0
configure:3593: result: 
configure:3615: checking whether we are cross compiling
configure:3623: gcc -o conftest    conftest.c  >&5
configure:3627: $? = 0
configure:3634: ./conftest
configure:3638: $? = 0
configure:3653: result: no
configure:3658: checking for suffix of object files
configure:3681: gcc -c   conftest.c >&5
configure:3685: $? = 0
configure:3707: result: o
configure:3711: checking whether the compiler supports GNU C
configure:3731: gcc -c   conftest.c >&5
configure:3731: $? = 0
configure:3741: result: yes
configure:3752: checking whether gcc accepts -g
configure:3773: gcc -c -g  conftest.c >&5
configure:3773: $? = 0
configure:3817: result: yes
configure:3837: checking for gcc option to enable C11 features
configure:3852: gcc  -c -g -O2  conftest.c >&5
configure:3852: $? = 0
configure:3870: result: none needed
configure:3986: checking whether gcc understands -c and -o together
configure:4009: gcc -c conftest.c -o conftest2.o
configure:4012: $? = 0
configure:4009: gcc -c conftest.c -o conftest2.o
configure:4012: $? = 0
configure:4024: result: yes
configure:4043: checking dependency style of gcc
configure:4155: result: gcc3
configure:4171: checking for clock_gettime in -lrt
configure:4194: gcc -o conftest -g -O2   conftest.c -lrt   >&5
configure:4194: $? = 0
configure:4204: result: yes
configure:4218: checking for doxygen
configure:4253: result: no
configure:4262: WARNING: Doxygen not found - continuing without Doxygen support
configure:4313: checking for ranlib
configure:4334: found /usr/bin/ranlib
configure:4345: result: ranlib
configure:4420: checking for gcc
configure:4452: result: gcc
configure:4805: checking for C compiler version
configure:4814: gcc --version >&5
gcc (Debian 12.2.0-14) 12.2.0
Copyright (C) 2022 Free Software Foundation, Inc.
This is free software; see the source for copying conditions.  There is NO
warranty; not even for MERCHANTABILITY or FITNESS FOR A PARTICULAR PURPOSE.

configure:4825: $? = 0
configure:4814: gcc -v >&5
Using built-in specs.
COLLECT_GCC=gcc
COLLECT_LTO_WRAPPER=/usr/lib/gcc/aarch64-linux-gnu/12/lto-wrapper
Target: aarch64-linux-gnu
Configured with: ../src/configure -v --with-pkgversion='Debian 12.2.0-14' --with-bugurl=file:///usr/share/doc/gcc-12/README.Bugs --enable-languages=c,ada,c++,go,d,fortran,objc,obj-c++,m2 --prefix=/usr --with-gcc-major-version-only --program-suffix=-12 --program-prefix=aarch64-linux-gnu- --enable-shared --enable-linker-build-id --libexecdir=/usr/lib --without-included-gettext --enable-threads=posix --libdir=/usr/lib --enable-nls --enable-clocale=gnu --enable-libstdcxx-debug --enable-libstdcxx-time=yes --with-default-libstdcxx-abi=new --enable-gnu-unique-object --disable-libquadmath --disable-libquadmath-support --enable-plugin --enable-default-pie --with-system-zlib --enable-libphobos-checking=release --with-target-system-zlib=auto --enable-objc-gc=auto --enable-multiarch --enable-fix-cortex-a53-843419 --disable-werror --enable-checking=release --build=aarch64-linux-gnu --host=aarch64-linux-gnu --target=aarch64-linux-gnu
Thread model: posix
Supported LTO compression algorithms: zlib zstd
gcc version 12.2.0 (Debian 12.2.0-14) 
configure:4825: $? = 0
configure:4814: gcc -V >&5
gcc: error: unrecognized command-line option '-V'
gcc: fatal error: no input files
compilation terminated.
configure:4825: $? = 1
configure:4814: gcc -qversion >&5
gcc: error: unrecognized command-line option '-qversion'; did you mean '--version'?
gcc: fatal error: no input files
compilation terminated.
configure:4825: $? = 1
configure:4814: gcc -version >&5
gcc: error: unrecognized command-line option '-version'
gcc: fatal error: no input files
compilation terminated.
configure:4825: $? = 1
configure:4829: checking whether the compiler supports GNU C
configure:4859: result: yes
configure:4870: checking whether gcc accepts -g
configure:4935: result: yes
configure:4955: checking for gcc option to enable C11 features
configure:4988: result: none needed
configure:5104: checking whether gcc understands -c and -o together
configure:5142: result: yes
configure:5161: checking dependency style of gcc
configure:5273: result: gcc3
configure:5403: checking that generated files are newer than configure
configure:5409: result: done
configure:5440: creating ./config.status

## ---------------- ##
## Cache variables. ##
## ---------------- ##

ac_cv_c_compiler_gnu=yes
ac_cv_env_CC_set=
ac_cv_env_CC_value=
ac_cv_env_CFLAGS_set=
ac_cv_env_CFLAGS_value=
ac_cv_env_CPPFLAGS_set=
ac_cv_env_CPPFLAGS_value=
ac_cv_env_LDFLAGS_set=
ac_cv_env_LDFLAGS_value=
ac_cv_env_LIBS_set=
ac_cv_env_LIBS_value=
ac_cv_env_build_alias_set=
ac_cv_env_build_alias_value=
ac_cv_env_host_alias_set=
ac_cv_env_host_alias_value=
ac_cv_env_target_alias_set=
ac_cv_env_target_alias_value=
ac_cv_lib_rt_clock_gettime=yes
ac_cv_objext=o
ac_cv_path_install='/usr/bin/install -c'
ac_cv_path_mkdir=/usr/bin/mkdir
ac_cv_prog_AWK=mawk
ac_cv_prog_ac_ct_CC=gcc
ac_cv_prog_ac_ct_RANLIB=ranlib
ac_cv_prog_cc_c11=
ac_cv_prog_cc_g=yes
ac_cv_prog_cc_stdc=
ac_cv_prog_make_make_set=yes
am_cv_CC_dependencies_compiler_type=gcc3
am_cv_make_support_nested_variables=yes
am_cv_prog_cc_c_o=yes

## ----------------- ##
## Output variables. ##
## ----------------- ##

ACLOCAL='${SHELL} '\''/data/BlueberryMSX-2.0plus/bcm2835-1.68/missing'\'' aclocal-1.16'
AMDEPBACKSLASH='\'
AMDEP_FALSE='#'
AMDEP_TRUE=''
AMTAR='$${TAR-tar}'
AM_BACKSLASH='\'
AM_DEFAULT_V='$(AM_DEFAULT_VERBOSITY)'
AM_DEFAULT_VERBOSITY='1'
AM_V='$(V)'
AUTOCONF='${SHELL} '\''/data/BlueberryMSX-2.0plus/bcm2835-1.68/missing'\'' autoconf'
AUTOHEADER='${SHELL} '\''/data/BlueberryMSX-2.0plus/bcm2835-1.68/missing'\'' autoheader'
AUTOMAKE='${SHELL} '\''/data/BlueberryMSX-2.0plus/bcm2835-1.68/missing'\'' automake-1.16'
AWK='mawk'
CC='gcc'
CCDEPMODE='depmode=gcc3'
CFLAGS='-g -O2'
CPPFLAGS=''
CSCOPE='cscope'
CTAGS='ctags'
CYGPATH_W='echo'
DEFS='-DHAVE_CONFIG_H'
DEPDIR='.deps'
DOXYGEN=''
ECHO_C=''
ECHO_N='-n'
ECHO_T=''
ETAGS='etags'
EXEEXT=''
HAVE_DOXYGEN_FALSE=''
HAVE_DOXYGEN_TRUE='#'
INSTALL_DATA='${INSTALL} -m 644'
INSTALL_PROGRAM='${INSTALL}'
INSTALL_SCRIPT='${INSTALL}'
INSTALL_STRIP_PROGRAM='$(install_sh) -c -s'
LDFLAGS=''
LIBOBJS=''
LIBS='-lrt '
LTLIBOBJS=''
MAKEINFO='${SHELL} '\''/data/BlueberryMSX-2.0plus/bcm2835-1.68/missing'\'' makeinfo'
MKDIR_P='/usr/bin/mkdir -p'
OBJEXT='o'
PACKAGE='bcm2835'
PACKAGE_BUGREPORT='mikem@airspayce.com'
PACKAGE_NAME='bcm2835'
PACKAGE_STRING='bcm2835 1.68'
PACKAGE_TARNAME='bcm2835'
PACKAGE_URL=''
PACKAGE_VERSION='1.68'
PATH_SEPARATOR=':'
RANLIB='ranlib'
SET_MAKE=''
SHELL='/bin/bash'
STRIP=''
VERSION='1.68'
ac_ct_CC='gcc'
am__EXEEXT_FALSE=''
am__EXEEXT_TRUE='#'
am__fastdepCC_FALSE='#'
am__fastdepCC_TRUE=''
am__include='include'
am__isrc=''
am__leading_dot='.'
am__nodep='_no'
am__quote=''
am__tar='$${TAR-tar} chof - "$$tardir"'
am__untar='$${TAR-tar} xf -'
bindir='${exec_prefix}/bin'
build_alias=''
datadir='${datarootdir}'
datarootdir='${prefix}/share'
docdir='${datarootdir}/doc/${PACKAGE_TARNAME}'
dvidir='${docdir}'
exec_prefix='${prefix}'
host_alias=''
htmldir='${docdir}'
includedir='${prefix}/include'
infodir='${datarootdir}/info'
install_sh='${SHELL} /data/BlueberryMSX-2.0plus/bcm2835-1.68/install-sh'
libdir='${exec_prefix}/lib'
libexecdir='${exec_prefix}/libexec'
localedir='${datarootdir}/locale'
localstatedir='${prefix}/var'
mandir='${datarootdir}/man'
mkdir_p='$(MKDIR_P)'
oldincludedir='/usr/include'
pdfdir='${docdir}'
prefix='/usr/local'
program_transform_name='s,x,x,'
psdir='${docdir}'
runstatedir='${localstatedir}/run'
sbindir='${exec_prefix}/sbin'
sharedstatedir='${prefix}/com'
sysconfdir='${prefix}/etc'
target_alias=''

## ----------- ##
## confdefs.h. ##
## ----------- ##

/* confdefs.h */
#define PACKAGE_NAME "bcm2835"
#define PACKAGE_TARNAME "bcm2835"
#define PACKAGE_VERSION "1.68"
#define PACKAGE_STRING "bcm2835 1.68"
#define PACKAGE_BUGREPORT "mikem@airspayce.com"
#define PACKAGE_URL ""
#define PACKAGE "bcm2835"
#define VERSION "1.68"
#define HAVE_LIBRT 1

configure: exit 0

## ---------------------- ##
## Running config.status. ##
## ---------------------- ##

This file was extended by bcm2835 config.status 1.68, which was
generated by GNU Autoconf 2.71.  Invocation command line was

  CONFIG_FILES    = 
  CONFIG_HEADERS  = 
  CONFIG_LINKS    = 
  CONFIG_COMMANDS = 
  $ ./config.status 

on raspberrypi

config.status:844: creating Makefile
config.status:844: creating src/Makefile
config.status:844: creating doc/Makefile
config.status:844: creating config.h
config.status:1025: config.h is unchanged
config.status:1073: executing depfiles commands
config.status:1150: cd src       && sed -e '/# am--include-marker/d' Makefile         | make -f - am--depfiles
make[1]: Entering directory '/data/BlueberryMSX-2.0plus/bcm2835-1.68/src'
make[1]: Nothing to be done for 'am--depfiles'.
make[1]: Leaving directory '/data/BlueberryMSX-2.0plus/bcm2835-1.68/src'
config.status:1155: $? = 0

## ---------------------- ##
## Running config.status. ##
## ---------------------- ##

This file was extended by bcm2835 config.status 1.68, which was
generated by GNU Autoconf 2.71.  Invocation command line was

  CONFIG_FILES    = 
  CONFIG_HEADERS  = 
  CONFIG_LINKS    = 
  CONFIG_COMMANDS = 
  $ ./config.status config.h

on raspberrypi

config.status:844: creating config.h
config.status:1025: config.h is unchanged
